// Jest Snapshot v1, https://goo.gl/fbAQLP

exports[`Text renders a default text 1`] = `
<body>
  <div>
     
    <span
      class="sc-bdnxRM gOGbfd"
    >
      Hello world
    </span>
     
  </div>
</body>
`;
