// Jest Snapshot v1, https://goo.gl/fbAQLP

exports[`Text renders a default button with text 1`] = `
<body>
  <div>
     
    <input
      class="sc-bdnxRM zUpI"
      readonly=""
      value="Hello world"
    />
     
  </div>
</body>
`;
